<html>
<body>
<pre>
<h1>µVision Build Log</h1>
<h2>Tool Versions:</h2>
IDE-Version: £gVision V5.36.0.0
Copyright (C) 2021 ARM Ltd and ARM Germany GmbH. All rights reserved.
License Information: Draw David, GMT, LIC=MPPLD-8G3GC-SBJEJ-UNYYY-55IIV-YHT1Z
 
Tool Versions:
Toolchain:       MDK-ARM Plus  Version: 5.36.0.0
Toolchain Path:  C:\Keil_v5\ARM\ARMCLANG\Bin
C Compiler:      ArmClang.exe V6.16
Assembler:       Armasm.exe V6.16
Linker/Locator:  ArmLink.exe V6.16
Library Manager: ArmAr.exe V6.16
Hex Converter:   FromElf.exe V6.16
CPU DLL:         SARMCM3.DLL V5.36.0.0
Dialog DLL:      DCM.DLL V1.17.3.0
Target DLL:      STLink\ST-LINKIII-KEIL_SWO.dll V3.0.9.0
Dialog DLL:      TCM.DLL V1.53.0.0
 
<h2>Project:</h2>
C:\Users\Draw\Desktop\GMT\STM32H7\STM32H7\Firmware\CortexM7\CortexM7.uvprojx
Project File Date:  08/19/2022

<h2>Output:</h2>
*** Using Compiler 'V6.16', folder: 'C:\Keil_v5\ARM\ARMCLANG\Bin'
Build Project 'CortexM7' - Target 'Debug'
compiling stewart_test.cpp...
compiling StewartFA.cpp...
compiling Trajctory.cpp...
compiling StewartBasic.cpp...
C:\Users\Draw\Desktop\GMT\STM32H7\STM32H7\Firmware\CortexM7\GMT\resource\cpp\MathTool.cpp(1): warning: #pragma once in main file [-Wpragma-once-outside-header]
#pragma once
        ^
1 warning generated.
compiling MathTool.cpp...
linking...
Program Size: Code=439760 RO-data=23116 RW-data=1196 ZI-data=77020  
".\Objects\Debug\CortexM7.axf" - 0 Error(s), 1 Warning(s).

<h2>Software Packages used:</h2>

Package Vendor: ARM
                http://www.keil.com/pack/ARM.CMSIS.5.8.0.pack
                ARM.CMSIS.5.8.0
                CMSIS (Common Microcontroller Software Interface Standard)
   * Component: RTOS2 Version: 2.1.3
   * Component: CORE Version: 5.5.0
   * Component: DSP Variant: Source Version: 1.9.0-dev
   * Component: Keil RTX5 Variant: Library Version: 5.5.3

Package Vendor: Keil
                http://www.keil.com/pack/Keil.ARM_Compiler.1.7.0.pack
                Keil.ARM_Compiler.1.7.0
                Keil ARM Compiler extensions for ARM Compiler 5 and ARM Compiler 6
   * Component: Event Recorder Variant: DAP Version: 1.5.0
   * Component: STDOUT Variant: EVR Version: 1.2.0

Package Vendor: Keil
                http://www.keil.com/pack/Keil.STM32H7xx_DFP.3.0.0.pack
                Keil.STM32H7xx_DFP.3.0.0
                STMicroelectronics STM32H7 Series Device Support and Examples
   * Component: Common Version: 1.9.0
   * Component: Cortex Version: 1.9.0
   * Component: DMA Version: 1.9.0
   * Component: GPIO Version: 1.9.0
   * Component: HSEM Version: 1.9.0
   * Component: PWR Version: 1.9.0
   * Component: RCC Version: 1.9.0
   * Component: SPI Version: 1.9.0
   * Component: Startup Version: 1.9.0

<h2>Collection of Component include folders:</h2>
  .\RTE\CMSIS
  .\RTE\Compiler
  .\RTE\_Debug
  C:\Users\Draw\AppData\Local\Arm\Packs\ARM\CMSIS\5.8.0\CMSIS\Core\Include
  C:\Users\Draw\AppData\Local\Arm\Packs\ARM\CMSIS\5.8.0\CMSIS\DSP\Include
  C:\Users\Draw\AppData\Local\Arm\Packs\ARM\CMSIS\5.8.0\CMSIS\DSP\PrivateInclude
  C:\Users\Draw\AppData\Local\Arm\Packs\ARM\CMSIS\5.8.0\CMSIS\RTOS2\Include
  C:\Users\Draw\AppData\Local\Arm\Packs\ARM\CMSIS\5.8.0\CMSIS\RTOS2\RTX\Include
  C:\Users\Draw\AppData\Local\Arm\Packs\Keil\ARM_Compiler\1.7.0\Include
  C:\Users\Draw\AppData\Local\Arm\Packs\Keil\STM32H7xx_DFP\3.0.0\Drivers\CMSIS\Device\ST\STM32H7xx\Include
  C:\Users\Draw\AppData\Local\Arm\Packs\Keil\STM32H7xx_DFP\3.0.0\Drivers\STM32H7xx_HAL_Driver\Inc

<h2>Collection of Component Files used:</h2>

   * Component: ::CMSIS:RTOS2:2.1.3 (API)
      Include file:  CMSIS\RTOS2\Include\cmsis_os2.h

   * Component: ARM::CMSIS:CORE:5.5.0

   * Component: ARM::CMSIS:DSP:Source:1.9.0-dev
      Source file:   CMSIS\DSP\Source\SVMFunctions\SVMFunctions.c
      Source file:   CMSIS\DSP\Source\ControllerFunctions\ControllerFunctions.c
      Include file:  CMSIS\DSP\Include\arm_math_f16.h
      Source file:   CMSIS\DSP\Source\BasicMathFunctions\BasicMathFunctions.c
      Include file:  CMSIS\DSP\Include\arm_const_structs.h
      Include file:  CMSIS\DSP\Include\arm_common_tables_f16.h
      Source file:   CMSIS\DSP\Source\BayesFunctions\BayesFunctions.c
      Source file:   CMSIS\DSP\Source\CommonTables\CommonTables.c
      Source file:   CMSIS\DSP\Source\StatisticsFunctions\StatisticsFunctions.c
      Source file:   CMSIS\DSP\Source\QuaternionMathFunctions\QuaternionMathFunctions.c
      Include file:  CMSIS\DSP\Include\arm_math.h
      Include file:  CMSIS\DSP\Include\arm_const_structs_f16.h
      Source file:   CMSIS\DSP\Source\ComplexMathFunctions\ComplexMathFunctions.c
      Source file:   CMSIS\DSP\Source\DistanceFunctions\DistanceFunctions.c
      Source file:   CMSIS\DSP\Source\FastMathFunctions\FastMathFunctions.c
      Source file:   CMSIS\DSP\Source\MatrixFunctions\MatrixFunctions.c
      Source file:   CMSIS\DSP\Source\SupportFunctions\SupportFunctions.c
      Include file:  CMSIS\DSP\Include\arm_common_tables.h
      Source file:   CMSIS\DSP\Source\FilteringFunctions\FilteringFunctions.c
      Source file:   CMSIS\DSP\Source\InterpolationFunctions\InterpolationFunctionsF16.c
      Source file:   CMSIS\DSP\Source\CommonTables\CommonTablesF16.c
      Source file:   CMSIS\DSP\Source\SVMFunctions\SVMFunctionsF16.c
      Source file:   CMSIS\DSP\Source\BasicMathFunctions\BasicMathFunctionsF16.c
      Source file:   CMSIS\DSP\Source\TransformFunctions\TransformFunctionsF16.c
      Source file:   CMSIS\DSP\Source\TransformFunctions\TransformFunctions.c
      Source file:   CMSIS\DSP\Source\MatrixFunctions\MatrixFunctionsF16.c
      Source file:   CMSIS\DSP\Source\DistanceFunctions\DistanceFunctionsF16.c
      Source file:   CMSIS\DSP\Source\BayesFunctions\BayesFunctionsF16.c
      Source file:   CMSIS\DSP\Source\FastMathFunctions\FastMathFunctionsF16.c
      Source file:   CMSIS\DSP\Source\InterpolationFunctions\InterpolationFunctions.c
      Source file:   CMSIS\DSP\Source\ComplexMathFunctions\ComplexMathFunctionsF16.c
      Source file:   CMSIS\DSP\Source\FilteringFunctions\FilteringFunctionsF16.c
      Source file:   CMSIS\DSP\Source\StatisticsFunctions\StatisticsFunctionsF16.c
      Source file:   CMSIS\DSP\Source\SupportFunctions\SupportFunctionsF16.c

   * Component: ARM::CMSIS:RTOS2:Keil RTX5:Library:5.5.3
      Source file:   CMSIS\RTOS2\RTX\Template\Semaphore.c
      Source file:   CMSIS\RTOS2\RTX\Template\Events.c
      Source file:   CMSIS\RTOS2\RTX\Template\main.c
      Source file:   CMSIS\RTOS2\RTX\Template\Timer.c
      Source file:   CMSIS\RTOS2\RTX\Template\MsgQueue.c
      Include file:  CMSIS\RTOS2\RTX\Config\RTX_Config.h
      Source file:   CMSIS\RTOS2\RTX\Config\RTX_Config.c
      Source file:   CMSIS\RTOS2\RTX\Template\MemPool.c
      Source file:   CMSIS\RTOS2\RTX\Template\Thread.c
      Source file:   CMSIS\RTOS2\RTX\Template\svc_user.c
      Include file:  CMSIS\RTOS2\RTX\Include\rtx_os.h
      Source file:   CMSIS\RTOS2\RTX\Template\Mutex.c
      Source file:   CMSIS\RTOS2\RTX\Source\rtx_lib.c
      Library file:  CMSIS\RTOS2\RTX\Library\ARM\RTX_CM4F.lib

   * Component: Keil.ARM Compiler::Compiler:Event Recorder:DAP:1.5.0
      Include file:  Config\EventRecorderConf.h
      Include file:  Include\EventRecorder.h
      Source file:   Source\EventRecorder.c

   * Component: Keil.ARM Compiler::Compiler:I/O:STDOUT:EVR:1.2.0
      Source file:   Source\retarget_io.c

   * Component: Keil::Device:STM32Cube HAL:Common:1.9.0
      Include file:  Drivers\STM32H7xx_HAL_Driver\Inc\stm32h7xx_hal.h
      Source file:   Drivers\STM32H7xx_HAL_Driver\Src\stm32h7xx_hal.c

   * Component: Keil::Device:STM32Cube HAL:Cortex:1.9.0
      Source file:   Drivers\STM32H7xx_HAL_Driver\Src\stm32h7xx_hal_cortex.c

   * Component: Keil::Device:STM32Cube HAL:DMA:1.9.0
      Source file:   Drivers\STM32H7xx_HAL_Driver\Src\stm32h7xx_hal_dma_ex.c
      Source file:   Drivers\STM32H7xx_HAL_Driver\Src\stm32h7xx_hal_dma.c

   * Component: Keil::Device:STM32Cube HAL:GPIO:1.9.0
      Source file:   Drivers\STM32H7xx_HAL_Driver\Src\stm32h7xx_hal_gpio.c

   * Component: Keil::Device:STM32Cube HAL:HSEM:1.9.0
      Source file:   Drivers\STM32H7xx_HAL_Driver\Src\stm32h7xx_hal_hsem.c

   * Component: Keil::Device:STM32Cube HAL:PWR:1.9.0
      Source file:   Drivers\STM32H7xx_HAL_Driver\Src\stm32h7xx_hal_pwr.c
      Source file:   Drivers\STM32H7xx_HAL_Driver\Src\stm32h7xx_hal_pwr_ex.c

   * Component: Keil::Device:STM32Cube HAL:RCC:1.9.0
      Source file:   Drivers\STM32H7xx_HAL_Driver\Src\stm32h7xx_hal_rcc.c
      Source file:   Drivers\STM32H7xx_HAL_Driver\Src\stm32h7xx_hal_rcc_ex.c

   * Component: Keil::Device:STM32Cube HAL:SPI:1.9.0
      Source file:   Drivers\STM32H7xx_HAL_Driver\Src\stm32h7xx_hal_spi.c
      Source file:   Drivers\STM32H7xx_HAL_Driver\Src\stm32h7xx_hal_spi_ex.c

   * Component: Keil::Device:Startup:1.9.0
      Source file:   Drivers\CMSIS\Device\ST\STM32H7xx\Source\Templates\arm\startup_stm32h755xx.s
      Include file:  Drivers\CMSIS\Device\ST\STM32H7xx\Include\stm32h7xx.h
      Source file:   Drivers\CMSIS\Device\ST\STM32H7xx\Source\Templates\system_stm32h7xx_dualcore_boot_cm4_cm7.c
Build Time Elapsed:  00:00:26
</pre>
</body>
</html>
