<html>
<body>
<pre>
<h1>µVision Build Log</h1>
<h2>Tool Versions:</h2>
IDE-Version: £gVision V5.36.0.0
Copyright (C) 2021 ARM Ltd and ARM Germany GmbH. All rights reserved.
License Information: Draw David, GMT, LIC=MPPLD-8G3GC-SBJEJ-UNYYY-55IIV-YHT1Z
 
Tool Versions:
Toolchain:       MDK-ARM Plus  Version: 5.36.0.0
Toolchain Path:  C:\Keil_v5\ARM\ARMCLANG\Bin
C Compiler:      ArmClang.exe V6.16
Assembler:       Armasm.exe V6.16
Linker/Locator:  ArmLink.exe V6.16
Library Manager: ArmAr.exe V6.16
Hex Converter:   FromElf.exe V6.16
CPU DLL:         SARMCM3.DLL V5.36.0.0
Dialog DLL:      DCM.DLL V1.17.3.0
Target DLL:      STLink\ST-LINKIII-KEIL_SWO.dll V3.0.9.0
Dialog DLL:      TCM.DLL V1.53.0.0
 
<h2>Project:</h2>
C:\Users\Draw\Desktop\GMT\STM32H7\STM32H7\Firmware\CortexM4\CortexM4.uvprojx
Project File Date:  08/19/2022

<h2>Output:</h2>
*** Using Compiler 'V6.16', folder: 'C:\Keil_v5\ARM\ARMCLANG\Bin'
Build Project 'CortexM4' - Target 'Debug'
compiling main.c...
compiling task.c...
compiling sock.c...
compiling test.c...
compiling idle.c...
compiling BSP_STM32H7.c...
compiling IRQ_STM32H7.c...
compiling MSP_STM32H7.c...
compiling LED_STM32H7.c...
compiling ETH_STM32H7.c...
compiling COM_STM32H7.c...
compiling ADC_STM32H7.c...
compiling EEP_STM32H7.c...
compiling CRC.c...
compiling FIFO.c...
compiling rtx_lib.c...
compiling MODBUS.c...
compiling RTX_Config.c...
compiling eeprom.c...
compiling PHY_LAN8742A.c...
compiling retarget_io.c...
compiling EventRecorder.c...
compiling stm32h7xx_hal.c...
compiling stm32h7xx_hal_cortex.c...
compiling stm32h7xx_hal_adc.c...
compiling stm32h7xx_hal_adc_ex.c...
compiling stm32h7xx_hal_eth_ex.c...
compiling stm32h7xx_hal_dma_ex.c...
compiling stm32h7xx_hal_dma.c...
compiling stm32h7xx_hal_eth.c...
compiling stm32h7xx_hal_flash.c...
compiling stm32h7xx_hal_hsem.c...
compiling stm32h7xx_hal_gpio.c...
compiling stm32h7xx_hal_flash_ex.c...
compiling stm32h7xx_hal_pwr.c...
compiling stm32h7xx_hal_pwr_ex.c...
compiling stm32h7xx_hal_rcc.c...
compiling stm32h7xx_hal_rcc_ex.c...
compiling stm32h7xx_hal_uart_ex.c...
compiling stm32h7xx_hal_tim_ex.c...
compiling stm32h7xx_hal_uart.c...
compiling Net_Config.c...
compiling system_stm32h7xx_dualcore_boot_cm4_cm7.c...
compiling stm32h7xx_hal_tim.c...
linking...
Program Size: Code=95084 RO-data=10304 RW-data=1508 ZI-data=101612  
".\Objects\Debug\CortexM4.axf" - 0 Error(s), 0 Warning(s).

<h2>Software Packages used:</h2>

Package Vendor: ARM
                http://www.keil.com/pack/ARM.CMSIS.5.8.0.pack
                ARM.CMSIS.5.8.0
                CMSIS (Common Microcontroller Software Interface Standard)
   * Component: Ethernet MAC Version: 2.2.0
   * Component: Ethernet PHY Version: 2.2.0
   * Component: RTOS2 Version: 2.1.3
   * Component: Custom Version: 1.0.0
   * Component: CORE Version: 5.5.0
   * Component: Keil RTX5 Variant: Library Version: 5.5.3

Package Vendor: ARM
                http://www.keil.com/pack/ARM.CMSIS-Driver.2.6.1.pack
                ARM.CMSIS-Driver.2.6.1
                CMSIS Drivers for external devices
   * Component: LAN8742A Version: 1.3.0

Package Vendor: Keil
                http://www.keil.com/pack/Keil.ARM_Compiler.1.7.0.pack
                Keil.ARM_Compiler.1.7.0
                Keil ARM Compiler extensions for ARM Compiler 5 and ARM Compiler 6
   * Component: Event Recorder Variant: DAP Version: 1.5.0
   * Component: STDOUT Variant: EVR Version: 1.2.0

Package Vendor: Keil
                http://www.keil.com/pack/Keil.MDK-Middleware.7.14.0.pack
                Keil.MDK-Middleware.7.14.0
                Middleware for Keil MDK-Professional and MDK-Plus
   * Component: CORE Variant: IPv4 Release Version: 7.16.0
   * Component: ETH Version: 7.16.0
   * Component: TCP Version: 7.16.0
   * Component: UDP Version: 7.16.0

Package Vendor: Keil
                http://www.keil.com/pack/Keil.STM32H7xx_DFP.3.0.0.pack
                Keil.STM32H7xx_DFP.3.0.0
                STMicroelectronics STM32H7 Series Device Support and Examples
   * Component: ADC Version: 1.9.0
   * Component: Common Version: 1.9.0
   * Component: Cortex Version: 1.9.0
   * Component: DMA Version: 1.9.0
   * Component: ETH Version: 1.9.0
   * Component: Flash Version: 1.9.0
   * Component: GPIO Version: 1.9.0
   * Component: HSEM Version: 1.9.0
   * Component: PWR Version: 1.9.0
   * Component: RCC Version: 1.9.0
   * Component: TIM Version: 1.9.0
   * Component: UART Version: 1.9.0
   * Component: Startup Version: 1.9.0

<h2>Collection of Component include folders:</h2>
  .\RTE\CMSIS
  .\RTE\Compiler
  .\RTE\Network
  .\RTE\_Debug
  C:\Users\Draw\AppData\Local\Arm\Packs\ARM\CMSIS\5.8.0\CMSIS\Core\Include
  C:\Users\Draw\AppData\Local\Arm\Packs\ARM\CMSIS\5.8.0\CMSIS\Driver\Include
  C:\Users\Draw\AppData\Local\Arm\Packs\ARM\CMSIS\5.8.0\CMSIS\RTOS2\Include
  C:\Users\Draw\AppData\Local\Arm\Packs\ARM\CMSIS\5.8.0\CMSIS\RTOS2\RTX\Include
  C:\Users\Draw\AppData\Local\Arm\Packs\Keil\ARM_Compiler\1.7.0\Include
  C:\Users\Draw\AppData\Local\Arm\Packs\Keil\MDK-Middleware\7.14.0\Network\Include
  C:\Users\Draw\AppData\Local\Arm\Packs\Keil\STM32H7xx_DFP\3.0.0\Drivers\CMSIS\Device\ST\STM32H7xx\Include
  C:\Users\Draw\AppData\Local\Arm\Packs\Keil\STM32H7xx_DFP\3.0.0\Drivers\STM32H7xx_HAL_Driver\Inc

<h2>Collection of Component Files used:</h2>

   * Component: ::CMSIS Driver:Ethernet MAC:2.2.0 (API)
      Include file:  CMSIS\Driver\Include\Driver_ETH_MAC.h

   * Component: ::CMSIS Driver:Ethernet PHY:2.2.0 (API)
      Include file:  CMSIS\Driver\Include\Driver_ETH_PHY.h

   * Component: ::CMSIS:RTOS2:2.1.3 (API)
      Include file:  CMSIS\RTOS2\Include\cmsis_os2.h

   * Component: ARM::CMSIS Driver:Ethernet MAC:Custom:1.0.0
      Include file:  CMSIS\Driver\Include\Driver_ETH_MAC.h
      Source file:   CMSIS\Driver\DriverTemplates\Driver_ETH_MAC.c

   * Component: ARM::CMSIS:CORE:5.5.0

   * Component: ARM::CMSIS:RTOS2:Keil RTX5:Library:5.5.3
      Source file:   CMSIS\RTOS2\RTX\Template\Semaphore.c
      Source file:   CMSIS\RTOS2\RTX\Template\Events.c
      Source file:   CMSIS\RTOS2\RTX\Template\main.c
      Source file:   CMSIS\RTOS2\RTX\Template\Timer.c
      Library file:  CMSIS\RTOS2\RTX\Library\ARM\RTX_CM4F.lib
      Source file:   CMSIS\RTOS2\RTX\Template\MsgQueue.c
      Include file:  CMSIS\RTOS2\RTX\Config\RTX_Config.h
      Source file:   CMSIS\RTOS2\RTX\Config\RTX_Config.c
      Source file:   CMSIS\RTOS2\RTX\Template\MemPool.c
      Source file:   CMSIS\RTOS2\RTX\Template\Thread.c
      Source file:   CMSIS\RTOS2\RTX\Template\svc_user.c
      Include file:  CMSIS\RTOS2\RTX\Include\rtx_os.h
      Source file:   CMSIS\RTOS2\RTX\Template\Mutex.c
      Source file:   CMSIS\RTOS2\RTX\Source\rtx_lib.c

   * Component: Keil.ARM Compiler::Compiler:Event Recorder:DAP:1.5.0
      Include file:  Config\EventRecorderConf.h
      Include file:  Include\EventRecorder.h
      Source file:   Source\EventRecorder.c

   * Component: Keil.ARM Compiler::Compiler:I/O:STDOUT:EVR:1.2.0
      Source file:   Source\retarget_io.c

   * Component: Keil.MDK-Plus::Network:CORE:IPv4 Release:7.16.0
      Source file:   Network\Config\Net_Config.c
      Include file:  Network\Include\rl_net.h
      Library file:  Network\Lib\ARM\Net4_CM3_L.lib

   * Component: Keil.MDK-Plus::Network:Interface:ETH:7.16.0
      Include file:  Network\Config\Net_Config_ETH.h

   * Component: Keil.MDK-Plus::Network:Socket:TCP:7.16.0
      Include file:  Network\Config\Net_Config_TCP.h
      Source file:   Network\Template\TCP_Socket_Server.c
      Source file:   Network\Template\TCP_Socket_Client.c

   * Component: Keil.MDK-Plus::Network:Socket:UDP:7.16.0
      Include file:  Network\Config\Net_Config_UDP.h
      Source file:   Network\Template\UDP_Socket.c

   * Component: Keil::CMSIS Driver:Ethernet PHY:LAN8742A:1.3.0
      Source file:   ETH\PHY_LAN8742A.c

   * Component: Keil::Device:STM32Cube HAL:ADC:1.9.0
      Source file:   Drivers\STM32H7xx_HAL_Driver\Src\stm32h7xx_hal_adc_ex.c
      Source file:   Drivers\STM32H7xx_HAL_Driver\Src\stm32h7xx_hal_adc.c

   * Component: Keil::Device:STM32Cube HAL:Common:1.9.0
      Include file:  Drivers\STM32H7xx_HAL_Driver\Inc\stm32h7xx_hal.h
      Source file:   Drivers\STM32H7xx_HAL_Driver\Src\stm32h7xx_hal.c

   * Component: Keil::Device:STM32Cube HAL:Cortex:1.9.0
      Source file:   Drivers\STM32H7xx_HAL_Driver\Src\stm32h7xx_hal_cortex.c

   * Component: Keil::Device:STM32Cube HAL:DMA:1.9.0
      Source file:   Drivers\STM32H7xx_HAL_Driver\Src\stm32h7xx_hal_dma_ex.c
      Source file:   Drivers\STM32H7xx_HAL_Driver\Src\stm32h7xx_hal_dma.c

   * Component: Keil::Device:STM32Cube HAL:ETH:1.9.0
      Source file:   Drivers\STM32H7xx_HAL_Driver\Src\stm32h7xx_hal_eth_ex.c
      Source file:   Drivers\STM32H7xx_HAL_Driver\Src\stm32h7xx_hal_eth.c

   * Component: Keil::Device:STM32Cube HAL:Flash:1.9.0
      Source file:   Drivers\STM32H7xx_HAL_Driver\Src\stm32h7xx_hal_flash_ex.c
      Source file:   Drivers\STM32H7xx_HAL_Driver\Src\stm32h7xx_hal_flash.c

   * Component: Keil::Device:STM32Cube HAL:GPIO:1.9.0
      Source file:   Drivers\STM32H7xx_HAL_Driver\Src\stm32h7xx_hal_gpio.c

   * Component: Keil::Device:STM32Cube HAL:HSEM:1.9.0
      Source file:   Drivers\STM32H7xx_HAL_Driver\Src\stm32h7xx_hal_hsem.c

   * Component: Keil::Device:STM32Cube HAL:PWR:1.9.0
      Source file:   Drivers\STM32H7xx_HAL_Driver\Src\stm32h7xx_hal_pwr.c
      Source file:   Drivers\STM32H7xx_HAL_Driver\Src\stm32h7xx_hal_pwr_ex.c

   * Component: Keil::Device:STM32Cube HAL:RCC:1.9.0
      Source file:   Drivers\STM32H7xx_HAL_Driver\Src\stm32h7xx_hal_rcc.c
      Source file:   Drivers\STM32H7xx_HAL_Driver\Src\stm32h7xx_hal_rcc_ex.c

   * Component: Keil::Device:STM32Cube HAL:TIM:1.9.0
      Source file:   Drivers\STM32H7xx_HAL_Driver\Src\stm32h7xx_hal_tim_ex.c
      Source file:   Drivers\STM32H7xx_HAL_Driver\Src\stm32h7xx_hal_tim.c

   * Component: Keil::Device:STM32Cube HAL:UART:1.9.0
      Source file:   Drivers\STM32H7xx_HAL_Driver\Src\stm32h7xx_hal_uart_ex.c
      Source file:   Drivers\STM32H7xx_HAL_Driver\Src\stm32h7xx_hal_uart.c

   * Component: Keil::Device:Startup:1.9.0
      Source file:   Drivers\CMSIS\Device\ST\STM32H7xx\Source\Templates\arm\startup_stm32h755xx.s
      Include file:  Drivers\CMSIS\Device\ST\STM32H7xx\Include\stm32h7xx.h
      Source file:   Drivers\CMSIS\Device\ST\STM32H7xx\Source\Templates\system_stm32h7xx_dualcore_boot_cm4_cm7.c
Build Time Elapsed:  00:00:18
</pre>
</body>
</html>
